|-(((a+c)=(b+c))->(((a+c)')=((b+c)')))
(((a+c)=(b+c))->(((a+c)=(b+c))->((a+c)=(b+c))))
((((a+c)=(b+c))->(((a+c)=(b+c))->((a+c)=(b+c))))->((((a+c)=(b+c))->((((a+c)=(b+c))->((a+c)=(b+c)))->((a+c)=(b+c))))->(((a+c)=(b+c))->((a+c)=(b+c)))))
((((a+c)=(b+c))->((((a+c)=(b+c))->((a+c)=(b+c)))->((a+c)=(b+c))))->(((a+c)=(b+c))->((a+c)=(b+c))))
(((a+c)=(b+c))->((((a+c)=(b+c))->((a+c)=(b+c)))->((a+c)=(b+c))))
(((a+c)=(b+c))->((a+c)=(b+c)))
(((a+c)=(b+c))->(((a+c)')=((b+c)')))
((((a+c)=(b+c))->(((a+c)')=((b+c)')))->(((a+c)=(b+c))->(((a+c)=(b+c))->(((a+c)')=((b+c)')))))
(((a+c)=(b+c))->(((a+c)=(b+c))->(((a+c)')=((b+c)'))))
((((a+c)=(b+c))->((a+c)=(b+c)))->((((a+c)=(b+c))->(((a+c)=(b+c))->(((a+c)')=((b+c)'))))->(((a+c)=(b+c))->(((a+c)')=((b+c)')))))
((((a+c)=(b+c))->(((a+c)=(b+c))->(((a+c)')=((b+c)'))))->(((a+c)=(b+c))->(((a+c)')=((b+c)'))))
(((a+c)=(b+c))->(((a+c)')=((b+c)')))
(((a+(c'))+0)=(a+(c')))
((((a+(c'))+0)=(a+(c')))->(((a+c)=(b+c))->(((a+(c'))+0)=(a+(c')))))
(((a+c)=(b+c))->(((a+(c'))+0)=(a+(c'))))
((((a+(c'))+0)=(a+(c')))->((((a+(c'))+0)=(a+(c')))->((a+(c'))=(a+(c')))))
(((((a+(c'))+0)=(a+(c')))->((((a+(c'))+0)=(a+(c')))->((a+(c'))=(a+(c')))))->(((a+c)=(b+c))->((((a+(c'))+0)=(a+(c')))->((((a+(c'))+0)=(a+(c')))->((a+(c'))=(a+(c')))))))
(((a+c)=(b+c))->((((a+(c'))+0)=(a+(c')))->((((a+(c'))+0)=(a+(c')))->((a+(c'))=(a+(c'))))))
((((a+c)=(b+c))->(((a+(c'))+0)=(a+(c'))))->((((a+c)=(b+c))->((((a+(c'))+0)=(a+(c')))->((((a+(c'))+0)=(a+(c')))->((a+(c'))=(a+(c'))))))->(((a+c)=(b+c))->((((a+(c'))+0)=(a+(c')))->((a+(c'))=(a+(c')))))))
((((a+c)=(b+c))->((((a+(c'))+0)=(a+(c')))->((((a+(c'))+0)=(a+(c')))->((a+(c'))=(a+(c'))))))->(((a+c)=(b+c))->((((a+(c'))+0)=(a+(c')))->((a+(c'))=(a+(c'))))))
(((a+c)=(b+c))->((((a+(c'))+0)=(a+(c')))->((a+(c'))=(a+(c')))))
((((a+c)=(b+c))->(((a+(c'))+0)=(a+(c'))))->((((a+c)=(b+c))->((((a+(c'))+0)=(a+(c')))->((a+(c'))=(a+(c')))))->(((a+c)=(b+c))->((a+(c'))=(a+(c'))))))
((((a+c)=(b+c))->((((a+(c'))+0)=(a+(c')))->((a+(c'))=(a+(c')))))->(((a+c)=(b+c))->((a+(c'))=(a+(c')))))
(((a+c)=(b+c))->((a+(c'))=(a+(c'))))
((a+(c'))=((a+c)'))
(((a+(c'))=((a+c)'))->(((a+c)=(b+c))->((a+(c'))=((a+c)'))))
(((a+c)=(b+c))->((a+(c'))=((a+c)')))
(((a+(c'))=((a+c)'))->(((a+(c'))=(a+(c')))->(((a+c)')=(a+(c')))))
((((a+(c'))=((a+c)'))->(((a+(c'))=(a+(c')))->(((a+c)')=(a+(c')))))->(((a+c)=(b+c))->(((a+(c'))=((a+c)'))->(((a+(c'))=(a+(c')))->(((a+c)')=(a+(c')))))))
(((a+c)=(b+c))->(((a+(c'))=((a+c)'))->(((a+(c'))=(a+(c')))->(((a+c)')=(a+(c'))))))
((((a+c)=(b+c))->((a+(c'))=((a+c)')))->((((a+c)=(b+c))->(((a+(c'))=((a+c)'))->(((a+(c'))=(a+(c')))->(((a+c)')=(a+(c'))))))->(((a+c)=(b+c))->(((a+(c'))=(a+(c')))->(((a+c)')=(a+(c')))))))
((((a+c)=(b+c))->(((a+(c'))=((a+c)'))->(((a+(c'))=(a+(c')))->(((a+c)')=(a+(c'))))))->(((a+c)=(b+c))->(((a+(c'))=(a+(c')))->(((a+c)')=(a+(c'))))))
(((a+c)=(b+c))->(((a+(c'))=(a+(c')))->(((a+c)')=(a+(c')))))
((((a+c)=(b+c))->((a+(c'))=(a+(c'))))->((((a+c)=(b+c))->(((a+(c'))=(a+(c')))->(((a+c)')=(a+(c')))))->(((a+c)=(b+c))->(((a+c)')=(a+(c'))))))
((((a+c)=(b+c))->(((a+(c'))=(a+(c')))->(((a+c)')=(a+(c')))))->(((a+c)=(b+c))->(((a+c)')=(a+(c')))))
(((a+c)=(b+c))->(((a+c)')=(a+(c'))))
((((a+c)')=(a+(c')))->((((a+c)')=((b+c)'))->((a+(c'))=((b+c)'))))
(((((a+c)')=(a+(c')))->((((a+c)')=((b+c)'))->((a+(c'))=((b+c)'))))->(((a+c)=(b+c))->((((a+c)')=(a+(c')))->((((a+c)')=((b+c)'))->((a+(c'))=((b+c)'))))))
(((a+c)=(b+c))->((((a+c)')=(a+(c')))->((((a+c)')=((b+c)'))->((a+(c'))=((b+c)')))))
((((a+c)=(b+c))->(((a+c)')=(a+(c'))))->((((a+c)=(b+c))->((((a+c)')=(a+(c')))->((((a+c)')=((b+c)'))->((a+(c'))=((b+c)')))))->(((a+c)=(b+c))->((((a+c)')=((b+c)'))->((a+(c'))=((b+c)'))))))
((((a+c)=(b+c))->((((a+c)')=(a+(c')))->((((a+c)')=((b+c)'))->((a+(c'))=((b+c)')))))->(((a+c)=(b+c))->((((a+c)')=((b+c)'))->((a+(c'))=((b+c)')))))
(((a+c)=(b+c))->((((a+c)')=((b+c)'))->((a+(c'))=((b+c)'))))
((((a+c)=(b+c))->(((a+c)')=((b+c)')))->((((a+c)=(b+c))->((((a+c)')=((b+c)'))->((a+(c'))=((b+c)'))))->(((a+c)=(b+c))->((a+(c'))=((b+c)')))))
((((a+c)=(b+c))->((((a+c)')=((b+c)'))->((a+(c'))=((b+c)'))))->(((a+c)=(b+c))->((a+(c'))=((b+c)'))))
(((a+c)=(b+c))->((a+(c'))=((b+c)')))
(((a+(c'))=((b+c)'))->(((a+(c'))=(a+(c')))->(((b+c)')=(a+(c')))))
((((a+(c'))=((b+c)'))->(((a+(c'))=(a+(c')))->(((b+c)')=(a+(c')))))->(((a+c)=(b+c))->(((a+(c'))=((b+c)'))->(((a+(c'))=(a+(c')))->(((b+c)')=(a+(c')))))))
(((a+c)=(b+c))->(((a+(c'))=((b+c)'))->(((a+(c'))=(a+(c')))->(((b+c)')=(a+(c'))))))
((((a+c)=(b+c))->((a+(c'))=((b+c)')))->((((a+c)=(b+c))->(((a+(c'))=((b+c)'))->(((a+(c'))=(a+(c')))->(((b+c)')=(a+(c'))))))->(((a+c)=(b+c))->(((a+(c'))=(a+(c')))->(((b+c)')=(a+(c')))))))
((((a+c)=(b+c))->(((a+(c'))=((b+c)'))->(((a+(c'))=(a+(c')))->(((b+c)')=(a+(c'))))))->(((a+c)=(b+c))->(((a+(c'))=(a+(c')))->(((b+c)')=(a+(c'))))))
(((a+c)=(b+c))->(((a+(c'))=(a+(c')))->(((b+c)')=(a+(c')))))
((((a+c)=(b+c))->((a+(c'))=(a+(c'))))->((((a+c)=(b+c))->(((a+(c'))=(a+(c')))->(((b+c)')=(a+(c')))))->(((a+c)=(b+c))->(((b+c)')=(a+(c'))))))
((((a+c)=(b+c))->(((a+(c'))=(a+(c')))->(((b+c)')=(a+(c')))))->(((a+c)=(b+c))->(((b+c)')=(a+(c')))))
(((a+c)=(b+c))->(((b+c)')=(a+(c'))))
(((b+(c'))+0)=(b+(c')))
((((b+(c'))+0)=(b+(c')))->(((a+c)=(b+c))->(((b+(c'))+0)=(b+(c')))))
(((a+c)=(b+c))->(((b+(c'))+0)=(b+(c'))))
((((b+(c'))+0)=(b+(c')))->((((b+(c'))+0)=(b+(c')))->((b+(c'))=(b+(c')))))
(((((b+(c'))+0)=(b+(c')))->((((b+(c'))+0)=(b+(c')))->((b+(c'))=(b+(c')))))->(((a+c)=(b+c))->((((b+(c'))+0)=(b+(c')))->((((b+(c'))+0)=(b+(c')))->((b+(c'))=(b+(c')))))))
(((a+c)=(b+c))->((((b+(c'))+0)=(b+(c')))->((((b+(c'))+0)=(b+(c')))->((b+(c'))=(b+(c'))))))
((((a+c)=(b+c))->(((b+(c'))+0)=(b+(c'))))->((((a+c)=(b+c))->((((b+(c'))+0)=(b+(c')))->((((b+(c'))+0)=(b+(c')))->((b+(c'))=(b+(c'))))))->(((a+c)=(b+c))->((((b+(c'))+0)=(b+(c')))->((b+(c'))=(b+(c')))))))
((((a+c)=(b+c))->((((b+(c'))+0)=(b+(c')))->((((b+(c'))+0)=(b+(c')))->((b+(c'))=(b+(c'))))))->(((a+c)=(b+c))->((((b+(c'))+0)=(b+(c')))->((b+(c'))=(b+(c'))))))
(((a+c)=(b+c))->((((b+(c'))+0)=(b+(c')))->((b+(c'))=(b+(c')))))
((((a+c)=(b+c))->(((b+(c'))+0)=(b+(c'))))->((((a+c)=(b+c))->((((b+(c'))+0)=(b+(c')))->((b+(c'))=(b+(c')))))->(((a+c)=(b+c))->((b+(c'))=(b+(c'))))))
((((a+c)=(b+c))->((((b+(c'))+0)=(b+(c')))->((b+(c'))=(b+(c')))))->(((a+c)=(b+c))->((b+(c'))=(b+(c')))))
(((a+c)=(b+c))->((b+(c'))=(b+(c'))))
((b+(c'))=((b+c)'))
(((b+(c'))=((b+c)'))->(((a+c)=(b+c))->((b+(c'))=((b+c)'))))
(((a+c)=(b+c))->((b+(c'))=((b+c)')))
(((b+(c'))=((b+c)'))->(((b+(c'))=(b+(c')))->(((b+c)')=(b+(c')))))
((((b+(c'))=((b+c)'))->(((b+(c'))=(b+(c')))->(((b+c)')=(b+(c')))))->(((a+c)=(b+c))->(((b+(c'))=((b+c)'))->(((b+(c'))=(b+(c')))->(((b+c)')=(b+(c')))))))
(((a+c)=(b+c))->(((b+(c'))=((b+c)'))->(((b+(c'))=(b+(c')))->(((b+c)')=(b+(c'))))))
((((a+c)=(b+c))->((b+(c'))=((b+c)')))->((((a+c)=(b+c))->(((b+(c'))=((b+c)'))->(((b+(c'))=(b+(c')))->(((b+c)')=(b+(c'))))))->(((a+c)=(b+c))->(((b+(c'))=(b+(c')))->(((b+c)')=(b+(c')))))))
((((a+c)=(b+c))->(((b+(c'))=((b+c)'))->(((b+(c'))=(b+(c')))->(((b+c)')=(b+(c'))))))->(((a+c)=(b+c))->(((b+(c'))=(b+(c')))->(((b+c)')=(b+(c'))))))
(((a+c)=(b+c))->(((b+(c'))=(b+(c')))->(((b+c)')=(b+(c')))))
((((a+c)=(b+c))->((b+(c'))=(b+(c'))))->((((a+c)=(b+c))->(((b+(c'))=(b+(c')))->(((b+c)')=(b+(c')))))->(((a+c)=(b+c))->(((b+c)')=(b+(c'))))))
((((a+c)=(b+c))->(((b+(c'))=(b+(c')))->(((b+c)')=(b+(c')))))->(((a+c)=(b+c))->(((b+c)')=(b+(c')))))
(((a+c)=(b+c))->(((b+c)')=(b+(c'))))
((((b+c)')=(a+(c')))->((((b+c)')=(b+(c')))->((a+(c'))=(b+(c')))))
(((((b+c)')=(a+(c')))->((((b+c)')=(b+(c')))->((a+(c'))=(b+(c')))))->(((a+c)=(b+c))->((((b+c)')=(a+(c')))->((((b+c)')=(b+(c')))->((a+(c'))=(b+(c')))))))
(((a+c)=(b+c))->((((b+c)')=(a+(c')))->((((b+c)')=(b+(c')))->((a+(c'))=(b+(c'))))))
((((a+c)=(b+c))->(((b+c)')=(a+(c'))))->((((a+c)=(b+c))->((((b+c)')=(a+(c')))->((((b+c)')=(b+(c')))->((a+(c'))=(b+(c'))))))->(((a+c)=(b+c))->((((b+c)')=(b+(c')))->((a+(c'))=(b+(c')))))))
((((a+c)=(b+c))->((((b+c)')=(a+(c')))->((((b+c)')=(b+(c')))->((a+(c'))=(b+(c'))))))->(((a+c)=(b+c))->((((b+c)')=(b+(c')))->((a+(c'))=(b+(c'))))))
(((a+c)=(b+c))->((((b+c)')=(b+(c')))->((a+(c'))=(b+(c')))))
((((a+c)=(b+c))->(((b+c)')=(b+(c'))))->((((a+c)=(b+c))->((((b+c)')=(b+(c')))->((a+(c'))=(b+(c')))))->(((a+c)=(b+c))->((a+(c'))=(b+(c'))))))
((((a+c)=(b+c))->((((b+c)')=(b+(c')))->((a+(c'))=(b+(c')))))->(((a+c)=(b+c))->((a+(c'))=(b+(c')))))
(((a+c)=(b+c))->((a+(c'))=(b+(c'))))
